Component: ARM Compiler 5.06 update 7 (build 960) Tool: armlink [4d3601]

==============================================================================

Section Cross References

    principal.o(i.Callback_USART) refers to driver_gpio.o(i.MyGPIO_Set) for MyGPIO_Set
    principal.o(i.Callback_USART) refers to driver_gpio.o(i.MyGPIO_Reset) for MyGPIO_Reset
    principal.o(i.Callback_USART) refers to ffltui.o(.text) for __aeabi_ui2f
    principal.o(i.Callback_USART) refers to timer.o(i.PWMRatio) for PWMRatio
    principal.o(i.Callback_USART) refers to principal.o(.data) for mGPIO_sens
    principal.o(i.main) refers to driver_gpio.o(i.MyGPIO_Init) for MyGPIO_Init
    principal.o(i.main) refers to driver_usart.o(i.USART_Base_Init) for USART_Base_Init
    principal.o(i.main) refers to timer.o(i.MyTimer_Base_Init) for MyTimer_Base_Init
    principal.o(i.main) refers to timer.o(i.MyTimer_PWM_Enable) for MyTimer_PWM_Enable
    principal.o(i.main) refers to driver_usart.o(i.USART_ActiveReadIT) for USART_ActiveReadIT
    principal.o(i.main) refers to timer.o(i.MyTimer_EncoderMode) for MyTimer_EncoderMode
    principal.o(i.main) refers to timer.o(i.PWMRatio) for PWMRatio
    principal.o(i.main) refers to timer.o(i.init_EXIT) for init_EXIT
    principal.o(i.main) refers to driver_servomoteur.o(i.update_angle_servomoteur) for update_angle_servomoteur
    principal.o(i.main) refers to principal.o(.data) for inputEncoderA
    principal.o(i.main) refers to principal.o(i.Callback_USART) for Callback_USART
    timer.o(i.EXTI0_IRQHandler) refers to principal.o(.data) for TimerE
    timer.o(i.PWMRatio) refers to fflti.o(.text) for __aeabi_i2f
    timer.o(i.PWMRatio) refers to fmul.o(.text) for __aeabi_fmul
    timer.o(i.PWMRatio) refers to fdiv.o(.text) for __aeabi_fdiv
    timer.o(i.PWMRatio) refers to ffixi.o(.text) for __aeabi_f2iz
    driver_servomoteur.o(i.update_angle_servomoteur) refers to fflti.o(.text) for __aeabi_i2f
    driver_servomoteur.o(i.update_angle_servomoteur) refers to f2d.o(.text) for __aeabi_f2d
    driver_servomoteur.o(i.update_angle_servomoteur) refers to dadd.o(.text) for __aeabi_drsub
    driver_servomoteur.o(i.update_angle_servomoteur) refers to dmul.o(.text) for __aeabi_dmul
    driver_servomoteur.o(i.update_angle_servomoteur) refers to ddiv.o(.text) for __aeabi_ddiv
    driver_servomoteur.o(i.update_angle_servomoteur) refers to d2f.o(.text) for __aeabi_d2f
    driver_servomoteur.o(i.update_angle_servomoteur) refers to timer.o(i.PWMRatio) for PWMRatio
    driver_usart.o(i.USART1_IRQHandler) refers to driver_usart.o(.data) for MyCallback
    driver_usart.o(i.USART_ActiveReadIT) refers to driver_usart.o(.data) for MyCallback
    startup_stm32f10x_md.o(RESET) refers to startup_stm32f10x_md.o(STACK) for __initial_sp
    startup_stm32f10x_md.o(RESET) refers to startup_stm32f10x_md.o(.text) for Reset_Handler
    startup_stm32f10x_md.o(RESET) refers to timer.o(i.EXTI0_IRQHandler) for EXTI0_IRQHandler
    startup_stm32f10x_md.o(RESET) refers to driver_usart.o(i.USART1_IRQHandler) for USART1_IRQHandler
    startup_stm32f10x_md.o(.text) refers to system_stm32f10x.o(i.SystemInit) for SystemInit
    startup_stm32f10x_md.o(.text) refers to entry.o(.ARM.Collect$$$$00000000) for __main
    system_stm32f10x.o(i.SetSysClock) refers to system_stm32f10x.o(i.SetSysClockTo72) for SetSysClockTo72
    system_stm32f10x.o(i.SystemCoreClockUpdate) refers to system_stm32f10x.o(.data) for SystemCoreClock
    system_stm32f10x.o(i.SystemInit) refers to system_stm32f10x.o(i.SetSysClock) for SetSysClock
    entry.o(.ARM.Collect$$$$00000000) refers (Special) to entry10a.o(.ARM.Collect$$$$0000000F) for __rt_final_cpp
    entry.o(.ARM.Collect$$$$00000000) refers (Special) to entry11a.o(.ARM.Collect$$$$00000011) for __rt_final_exit
    entry.o(.ARM.Collect$$$$00000000) refers (Special) to entry12b.o(.ARM.Collect$$$$0000000E) for __rt_lib_shutdown_fini
    entry.o(.ARM.Collect$$$$00000000) refers (Special) to entry7b.o(.ARM.Collect$$$$00000008) for _main_clock
    entry.o(.ARM.Collect$$$$00000000) refers (Special) to entry8b.o(.ARM.Collect$$$$0000000A) for _main_cpp_init
    entry.o(.ARM.Collect$$$$00000000) refers (Special) to entry9a.o(.ARM.Collect$$$$0000000B) for _main_init
    entry.o(.ARM.Collect$$$$00000000) refers (Special) to entry5.o(.ARM.Collect$$$$00000004) for _main_scatterload
    entry.o(.ARM.Collect$$$$00000000) refers (Special) to entry2.o(.ARM.Collect$$$$00000001) for _main_stk
    fmul.o(.text) refers (Special) to iusefp.o(.text) for __I$use$fp
    fdiv.o(.text) refers (Special) to iusefp.o(.text) for __I$use$fp
    fdiv.o(.text) refers to fepilogue.o(.text) for _float_round
    dadd.o(.text) refers (Special) to iusefp.o(.text) for __I$use$fp
    dadd.o(.text) refers to llshl.o(.text) for __aeabi_llsl
    dadd.o(.text) refers to llsshr.o(.text) for __aeabi_lasr
    dadd.o(.text) refers to depilogue.o(.text) for _double_epilogue
    dmul.o(.text) refers (Special) to iusefp.o(.text) for __I$use$fp
    dmul.o(.text) refers to depilogue.o(.text) for _double_epilogue
    ddiv.o(.text) refers (Special) to iusefp.o(.text) for __I$use$fp
    ddiv.o(.text) refers to depilogue.o(.text) for _double_round
    fflti.o(.text) refers (Special) to iusefp.o(.text) for __I$use$fp
    fflti.o(.text) refers to fepilogue.o(.text) for _float_epilogue
    ffltui.o(.text) refers (Special) to iusefp.o(.text) for __I$use$fp
    ffltui.o(.text) refers to fepilogue.o(.text) for _float_epilogue
    ffixi.o(.text) refers (Special) to iusefp.o(.text) for __I$use$fp
    f2d.o(.text) refers (Special) to iusefp.o(.text) for __I$use$fp
    d2f.o(.text) refers (Special) to iusefp.o(.text) for __I$use$fp
    d2f.o(.text) refers to fepilogue.o(.text) for _float_round
    entry2.o(.ARM.Collect$$$$00000001) refers to entry2.o(.ARM.Collect$$$$00002712) for __lit__00000000
    entry2.o(.ARM.Collect$$$$00002712) refers to startup_stm32f10x_md.o(STACK) for __initial_sp
    entry2.o(__vectab_stack_and_reset_area) refers to startup_stm32f10x_md.o(STACK) for __initial_sp
    entry2.o(__vectab_stack_and_reset_area) refers to entry.o(.ARM.Collect$$$$00000000) for __main
    entry5.o(.ARM.Collect$$$$00000004) refers to init.o(.text) for __scatterload
    entry9a.o(.ARM.Collect$$$$0000000B) refers to principal.o(i.main) for main
    entry9b.o(.ARM.Collect$$$$0000000C) refers to principal.o(i.main) for main
    depilogue.o(.text) refers to llshl.o(.text) for __aeabi_llsl
    depilogue.o(.text) refers to llushr.o(.text) for __aeabi_llsr
    init.o(.text) refers to entry5.o(.ARM.Collect$$$$00000004) for __main_after_scatterload


==============================================================================

Removing Unused input sections from the image.

    Removing principal.o(.rev16_text), (4 bytes).
    Removing principal.o(.revsh_text), (4 bytes).
    Removing principal.o(.rrx_text), (6 bytes).
    Removing driver_gpio.o(.rev16_text), (4 bytes).
    Removing driver_gpio.o(.revsh_text), (4 bytes).
    Removing driver_gpio.o(.rrx_text), (6 bytes).
    Removing driver_gpio.o(i.MyGPIO_Read), (20 bytes).
    Removing driver_gpio.o(i.MyGPIO_Toggle), (12 bytes).
    Removing timer.o(.rev16_text), (4 bytes).
    Removing timer.o(.revsh_text), (4 bytes).
    Removing timer.o(.rrx_text), (6 bytes).
    Removing driver_servomoteur.o(.rev16_text), (4 bytes).
    Removing driver_servomoteur.o(.revsh_text), (4 bytes).
    Removing driver_servomoteur.o(.rrx_text), (6 bytes).
    Removing driver_usart.o(.rev16_text), (4 bytes).
    Removing driver_usart.o(.revsh_text), (4 bytes).
    Removing driver_usart.o(.rrx_text), (6 bytes).
    Removing startup_stm32f10x_md.o(HEAP), (512 bytes).
    Removing system_stm32f10x.o(.rev16_text), (4 bytes).
    Removing system_stm32f10x.o(.revsh_text), (4 bytes).
    Removing system_stm32f10x.o(.rrx_text), (6 bytes).
    Removing system_stm32f10x.o(i.SystemCoreClockUpdate), (164 bytes).
    Removing system_stm32f10x.o(.data), (20 bytes).

23 unused section(s) (total 812 bytes) removed from the image.

==============================================================================

Image Symbol Table

    Local Symbols

    Symbol Name                              Value     Ov Type        Size  Object(Section)

    ../clib/microlib/init/entry.s            0x00000000   Number         0  entry7b.o ABSOLUTE
    ../clib/microlib/init/entry.s            0x00000000   Number         0  entry9a.o ABSOLUTE
    ../clib/microlib/init/entry.s            0x00000000   Number         0  entry8b.o ABSOLUTE
    ../clib/microlib/init/entry.s            0x00000000   Number         0  entry10b.o ABSOLUTE
    ../clib/microlib/init/entry.s            0x00000000   Number         0  entry10a.o ABSOLUTE
    ../clib/microlib/init/entry.s            0x00000000   Number         0  entry8a.o ABSOLUTE
    ../clib/microlib/init/entry.s            0x00000000   Number         0  entry9b.o ABSOLUTE
    ../clib/microlib/init/entry.s            0x00000000   Number         0  entry7a.o ABSOLUTE
    ../clib/microlib/init/entry.s            0x00000000   Number         0  entry.o ABSOLUTE
    ../clib/microlib/init/entry.s            0x00000000   Number         0  entry5.o ABSOLUTE
    ../clib/microlib/init/entry.s            0x00000000   Number         0  entry12b.o ABSOLUTE
    ../clib/microlib/init/entry.s            0x00000000   Number         0  entry12a.o ABSOLUTE
    ../clib/microlib/init/entry.s            0x00000000   Number         0  entry2.o ABSOLUTE
    ../clib/microlib/init/entry.s            0x00000000   Number         0  entry11b.o ABSOLUTE
    ../clib/microlib/init/entry.s            0x00000000   Number         0  entry11a.o ABSOLUTE
    ../clib/microlib/longlong.c              0x00000000   Number         0  llshl.o ABSOLUTE
    ../clib/microlib/longlong.c              0x00000000   Number         0  llushr.o ABSOLUTE
    ../clib/microlib/longlong.c              0x00000000   Number         0  llsshr.o ABSOLUTE
    ../clib/microlib/stubs.s                 0x00000000   Number         0  iusefp.o ABSOLUTE
    ../fplib/microlib/d2f.c                  0x00000000   Number         0  d2f.o ABSOLUTE
    ../fplib/microlib/f2d.c                  0x00000000   Number         0  f2d.o ABSOLUTE
    ../fplib/microlib/fpadd.c                0x00000000   Number         0  dadd.o ABSOLUTE
    ../fplib/microlib/fpdiv.c                0x00000000   Number         0  ddiv.o ABSOLUTE
    ../fplib/microlib/fpdiv.c                0x00000000   Number         0  fdiv.o ABSOLUTE
    ../fplib/microlib/fpepilogue.c           0x00000000   Number         0  depilogue.o ABSOLUTE
    ../fplib/microlib/fpepilogue.c           0x00000000   Number         0  fepilogue.o ABSOLUTE
    ../fplib/microlib/fpfix.c                0x00000000   Number         0  ffixi.o ABSOLUTE
    ../fplib/microlib/fpflt.c                0x00000000   Number         0  fflti.o ABSOLUTE
    ../fplib/microlib/fpflt.c                0x00000000   Number         0  ffltui.o ABSOLUTE
    ../fplib/microlib/fpmul.c                0x00000000   Number         0  dmul.o ABSOLUTE
    ../fplib/microlib/fpmul.c                0x00000000   Number         0  fmul.o ABSOLUTE
    ..\DriversVoilier\Driver_Servomoteur.c   0x00000000   Number         0  driver_servomoteur.o ABSOLUTE
    ..\DriversVoilier\Driver_USART.c         0x00000000   Number         0  driver_usart.o ABSOLUTE
    ..\DriversVoilier\Timer.c                0x00000000   Number         0  timer.o ABSOLUTE
    ..\MesDrivers\Driver_GPIO.c              0x00000000   Number         0  driver_gpio.o ABSOLUTE
    ..\\DriversVoilier\\Driver_Servomoteur.c 0x00000000   Number         0  driver_servomoteur.o ABSOLUTE
    ..\\DriversVoilier\\Driver_USART.c       0x00000000   Number         0  driver_usart.o ABSOLUTE
    ..\\DriversVoilier\\Timer.c              0x00000000   Number         0  timer.o ABSOLUTE
    ..\\MesDrivers\\Driver_GPIO.c            0x00000000   Number         0  driver_gpio.o ABSOLUTE
    RTE\Device\STM32F103RB\startup_stm32f10x_md.s 0x00000000   Number         0  startup_stm32f10x_md.o ABSOLUTE
    RTE\Device\STM32F103RB\system_stm32f10x.c 0x00000000   Number         0  system_stm32f10x.o ABSOLUTE
    RTE\\Device\\STM32F103RB\\system_stm32f10x.c 0x00000000   Number         0  system_stm32f10x.o ABSOLUTE
    Source\\principal.c                      0x00000000   Number         0  principal.o ABSOLUTE
    Source\principal.c                       0x00000000   Number         0  principal.o ABSOLUTE
    dc.s                                     0x00000000   Number         0  dc.o ABSOLUTE
    handlers.s                               0x00000000   Number         0  handlers.o ABSOLUTE
    init.s                                   0x00000000   Number         0  init.o ABSOLUTE
    RESET                                    0x08000000   Section      236  startup_stm32f10x_md.o(RESET)
    .ARM.Collect$$$$00000000                 0x080000ec   Section        0  entry.o(.ARM.Collect$$$$00000000)
    .ARM.Collect$$$$00000001                 0x080000ec   Section        4  entry2.o(.ARM.Collect$$$$00000001)
    .ARM.Collect$$$$00000004                 0x080000f0   Section        4  entry5.o(.ARM.Collect$$$$00000004)
    .ARM.Collect$$$$00000008                 0x080000f4   Section        0  entry7b.o(.ARM.Collect$$$$00000008)
    .ARM.Collect$$$$0000000A                 0x080000f4   Section        0  entry8b.o(.ARM.Collect$$$$0000000A)
    .ARM.Collect$$$$0000000B                 0x080000f4   Section        8  entry9a.o(.ARM.Collect$$$$0000000B)
    .ARM.Collect$$$$0000000E                 0x080000fc   Section        4  entry12b.o(.ARM.Collect$$$$0000000E)
    .ARM.Collect$$$$0000000F                 0x08000100   Section        0  entry10a.o(.ARM.Collect$$$$0000000F)
    .ARM.Collect$$$$00000011                 0x08000100   Section        0  entry11a.o(.ARM.Collect$$$$00000011)
    .ARM.Collect$$$$00002712                 0x08000100   Section        4  entry2.o(.ARM.Collect$$$$00002712)
    __lit__00000000                          0x08000100   Data           4  entry2.o(.ARM.Collect$$$$00002712)
    .text                                    0x08000104   Section       36  startup_stm32f10x_md.o(.text)
    .text                                    0x08000128   Section        0  fmul.o(.text)
    .text                                    0x0800018c   Section        0  fdiv.o(.text)
    .text                                    0x08000208   Section        0  dadd.o(.text)
    .text                                    0x08000356   Section        0  dmul.o(.text)
    .text                                    0x0800043a   Section        0  ddiv.o(.text)
    .text                                    0x08000518   Section        0  fflti.o(.text)
    .text                                    0x0800052a   Section        0  ffltui.o(.text)
    .text                                    0x08000534   Section        0  ffixi.o(.text)
    .text                                    0x08000566   Section        0  f2d.o(.text)
    .text                                    0x0800058c   Section        0  d2f.o(.text)
    .text                                    0x080005c4   Section        0  llshl.o(.text)
    .text                                    0x080005e2   Section        0  llsshr.o(.text)
    .text                                    0x08000606   Section        0  iusefp.o(.text)
    .text                                    0x08000606   Section        0  fepilogue.o(.text)
    .text                                    0x08000674   Section        0  depilogue.o(.text)
    .text                                    0x08000730   Section       36  init.o(.text)
    .text                                    0x08000754   Section        0  llushr.o(.text)
    i.Callback_USART                         0x08000774   Section        0  principal.o(i.Callback_USART)
    i.EXTI0_IRQHandler                       0x080007bc   Section        0  timer.o(i.EXTI0_IRQHandler)
    i.MyGPIO_Init                            0x080007dc   Section        0  driver_gpio.o(i.MyGPIO_Init)
    i.MyGPIO_Reset                           0x08000802   Section        0  driver_gpio.o(i.MyGPIO_Reset)
    i.MyGPIO_Set                             0x0800080e   Section        0  driver_gpio.o(i.MyGPIO_Set)
    i.MyTimer_Base_Init                      0x0800081a   Section        0  timer.o(i.MyTimer_Base_Init)
    i.MyTimer_EncoderMode                    0x08000828   Section        0  timer.o(i.MyTimer_EncoderMode)
    i.MyTimer_PWM_Enable                     0x080008a2   Section        0  timer.o(i.MyTimer_PWM_Enable)
    i.PWMRatio                               0x08000a50   Section        0  timer.o(i.PWMRatio)
    i.SetSysClock                            0x08000aa4   Section        0  system_stm32f10x.o(i.SetSysClock)
    SetSysClock                              0x08000aa5   Thumb Code     8  system_stm32f10x.o(i.SetSysClock)
    i.SetSysClockTo72                        0x08000aac   Section        0  system_stm32f10x.o(i.SetSysClockTo72)
    SetSysClockTo72                          0x08000aad   Thumb Code   214  system_stm32f10x.o(i.SetSysClockTo72)
    i.SystemInit                             0x08000b8c   Section        0  system_stm32f10x.o(i.SystemInit)
    i.USART1_IRQHandler                      0x08000bec   Section        0  driver_usart.o(i.USART1_IRQHandler)
    i.USART_ActiveReadIT                     0x08000c08   Section        0  driver_usart.o(i.USART_ActiveReadIT)
    i.USART_Base_Init                        0x08000c68   Section        0  driver_usart.o(i.USART_Base_Init)
    i.__scatterload_copy                     0x08000cc8   Section       14  handlers.o(i.__scatterload_copy)
    i.__scatterload_null                     0x08000cd6   Section        2  handlers.o(i.__scatterload_null)
    i.__scatterload_zeroinit                 0x08000cd8   Section       14  handlers.o(i.__scatterload_zeroinit)
    i.init_EXIT                              0x08000ce8   Section        0  timer.o(i.init_EXIT)
    i.main                                   0x08000d6c   Section        0  principal.o(i.main)
    i.update_angle_servomoteur               0x08000f7c   Section        0  driver_servomoteur.o(i.update_angle_servomoteur)
    .data                                    0x20000000   Section       92  principal.o(.data)
    .data                                    0x2000005c   Section        4  driver_usart.o(.data)
    STACK                                    0x20000060   Section     1024  startup_stm32f10x_md.o(STACK)

    Global Symbols

    Symbol Name                              Value     Ov Type        Size  Object(Section)

    BuildAttributes$$THM_ISAv4$P$D$K$B$S$PE$A:L22UL41UL21$X:L11$S22US41US21$IEEE1$IW$USESV6$~STKCKD$USESV7$~SHL$OTIME$ROPI$EBA8$MICROLIB$REQ8$PRES8$EABIv2 0x00000000   Number         0  anon$$obj.o ABSOLUTE
    __ARM_use_no_argv                        0x00000000   Number         0  principal.o ABSOLUTE
    __arm_fini_                               - Undefined Weak Reference
    __cpp_initialize__aeabi_                  - Undefined Weak Reference
    __cxa_finalize                            - Undefined Weak Reference
    __decompress                              - Undefined Weak Reference
    _clock_init                               - Undefined Weak Reference
    _microlib_exit                            - Undefined Weak Reference
    __Vectors_Size                           0x000000ec   Number         0  startup_stm32f10x_md.o ABSOLUTE
    __Vectors                                0x08000000   Data           4  startup_stm32f10x_md.o(RESET)
    __Vectors_End                            0x080000ec   Data           0  startup_stm32f10x_md.o(RESET)
    __main                                   0x080000ed   Thumb Code     0  entry.o(.ARM.Collect$$$$00000000)
    _main_stk                                0x080000ed   Thumb Code     0  entry2.o(.ARM.Collect$$$$00000001)
    _main_scatterload                        0x080000f1   Thumb Code     0  entry5.o(.ARM.Collect$$$$00000004)
    __main_after_scatterload                 0x080000f5   Thumb Code     0  entry5.o(.ARM.Collect$$$$00000004)
    _main_clock                              0x080000f5   Thumb Code     0  entry7b.o(.ARM.Collect$$$$00000008)
    _main_cpp_init                           0x080000f5   Thumb Code     0  entry8b.o(.ARM.Collect$$$$0000000A)
    _main_init                               0x080000f5   Thumb Code     0  entry9a.o(.ARM.Collect$$$$0000000B)
    __rt_lib_shutdown_fini                   0x080000fd   Thumb Code     0  entry12b.o(.ARM.Collect$$$$0000000E)
    __rt_final_cpp                           0x08000101   Thumb Code     0  entry10a.o(.ARM.Collect$$$$0000000F)
    __rt_final_exit                          0x08000101   Thumb Code     0  entry11a.o(.ARM.Collect$$$$00000011)
    Reset_Handler                            0x08000105   Thumb Code     8  startup_stm32f10x_md.o(.text)
    NMI_Handler                              0x0800010d   Thumb Code     2  startup_stm32f10x_md.o(.text)
    HardFault_Handler                        0x0800010f   Thumb Code     2  startup_stm32f10x_md.o(.text)
    MemManage_Handler                        0x08000111   Thumb Code     2  startup_stm32f10x_md.o(.text)
    BusFault_Handler                         0x08000113   Thumb Code     2  startup_stm32f10x_md.o(.text)
    UsageFault_Handler                       0x08000115   Thumb Code     2  startup_stm32f10x_md.o(.text)
    SVC_Handler                              0x08000117   Thumb Code     2  startup_stm32f10x_md.o(.text)
    DebugMon_Handler                         0x08000119   Thumb Code     2  startup_stm32f10x_md.o(.text)
    PendSV_Handler                           0x0800011b   Thumb Code     2  startup_stm32f10x_md.o(.text)
    SysTick_Handler                          0x0800011d   Thumb Code     2  startup_stm32f10x_md.o(.text)
    ADC1_2_IRQHandler                        0x0800011f   Thumb Code     0  startup_stm32f10x_md.o(.text)
    CAN1_RX1_IRQHandler                      0x0800011f   Thumb Code     0  startup_stm32f10x_md.o(.text)
    CAN1_SCE_IRQHandler                      0x0800011f   Thumb Code     0  startup_stm32f10x_md.o(.text)
    DMA1_Channel1_IRQHandler                 0x0800011f   Thumb Code     0  startup_stm32f10x_md.o(.text)
    DMA1_Channel2_IRQHandler                 0x0800011f   Thumb Code     0  startup_stm32f10x_md.o(.text)
    DMA1_Channel3_IRQHandler                 0x0800011f   Thumb Code     0  startup_stm32f10x_md.o(.text)
    DMA1_Channel4_IRQHandler                 0x0800011f   Thumb Code     0  startup_stm32f10x_md.o(.text)
    DMA1_Channel5_IRQHandler                 0x0800011f   Thumb Code     0  startup_stm32f10x_md.o(.text)
    DMA1_Channel6_IRQHandler                 0x0800011f   Thumb Code     0  startup_stm32f10x_md.o(.text)
    DMA1_Channel7_IRQHandler                 0x0800011f   Thumb Code     0  startup_stm32f10x_md.o(.text)
    EXTI15_10_IRQHandler                     0x0800011f   Thumb Code     0  startup_stm32f10x_md.o(.text)
    EXTI1_IRQHandler                         0x0800011f   Thumb Code     0  startup_stm32f10x_md.o(.text)
    EXTI2_IRQHandler                         0x0800011f   Thumb Code     0  startup_stm32f10x_md.o(.text)
    EXTI3_IRQHandler                         0x0800011f   Thumb Code     0  startup_stm32f10x_md.o(.text)
    EXTI4_IRQHandler                         0x0800011f   Thumb Code     0  startup_stm32f10x_md.o(.text)
    EXTI9_5_IRQHandler                       0x0800011f   Thumb Code     0  startup_stm32f10x_md.o(.text)
    FLASH_IRQHandler                         0x0800011f   Thumb Code     0  startup_stm32f10x_md.o(.text)
    I2C1_ER_IRQHandler                       0x0800011f   Thumb Code     0  startup_stm32f10x_md.o(.text)
    I2C1_EV_IRQHandler                       0x0800011f   Thumb Code     0  startup_stm32f10x_md.o(.text)
    I2C2_ER_IRQHandler                       0x0800011f   Thumb Code     0  startup_stm32f10x_md.o(.text)
    I2C2_EV_IRQHandler                       0x0800011f   Thumb Code     0  startup_stm32f10x_md.o(.text)
    PVD_IRQHandler                           0x0800011f   Thumb Code     0  startup_stm32f10x_md.o(.text)
    RCC_IRQHandler                           0x0800011f   Thumb Code     0  startup_stm32f10x_md.o(.text)
    RTCAlarm_IRQHandler                      0x0800011f   Thumb Code     0  startup_stm32f10x_md.o(.text)
    RTC_IRQHandler                           0x0800011f   Thumb Code     0  startup_stm32f10x_md.o(.text)
    SPI1_IRQHandler                          0x0800011f   Thumb Code     0  startup_stm32f10x_md.o(.text)
    SPI2_IRQHandler                          0x0800011f   Thumb Code     0  startup_stm32f10x_md.o(.text)
    TAMPER_IRQHandler                        0x0800011f   Thumb Code     0  startup_stm32f10x_md.o(.text)
    TIM1_BRK_IRQHandler                      0x0800011f   Thumb Code     0  startup_stm32f10x_md.o(.text)
    TIM1_CC_IRQHandler                       0x0800011f   Thumb Code     0  startup_stm32f10x_md.o(.text)
    TIM1_TRG_COM_IRQHandler                  0x0800011f   Thumb Code     0  startup_stm32f10x_md.o(.text)
    TIM1_UP_IRQHandler                       0x0800011f   Thumb Code     0  startup_stm32f10x_md.o(.text)
    TIM2_IRQHandler                          0x0800011f   Thumb Code     0  startup_stm32f10x_md.o(.text)
    TIM3_IRQHandler                          0x0800011f   Thumb Code     0  startup_stm32f10x_md.o(.text)
    TIM4_IRQHandler                          0x0800011f   Thumb Code     0  startup_stm32f10x_md.o(.text)
    USART2_IRQHandler                        0x0800011f   Thumb Code     0  startup_stm32f10x_md.o(.text)
    USART3_IRQHandler                        0x0800011f   Thumb Code     0  startup_stm32f10x_md.o(.text)
    USBWakeUp_IRQHandler                     0x0800011f   Thumb Code     0  startup_stm32f10x_md.o(.text)
    USB_HP_CAN1_TX_IRQHandler                0x0800011f   Thumb Code     0  startup_stm32f10x_md.o(.text)
    USB_LP_CAN1_RX0_IRQHandler               0x0800011f   Thumb Code     0  startup_stm32f10x_md.o(.text)
    WWDG_IRQHandler                          0x0800011f   Thumb Code     0  startup_stm32f10x_md.o(.text)
    __aeabi_fmul                             0x08000129   Thumb Code   100  fmul.o(.text)
    __aeabi_fdiv                             0x0800018d   Thumb Code   124  fdiv.o(.text)
    __aeabi_dadd                             0x08000209   Thumb Code   322  dadd.o(.text)
    __aeabi_dsub                             0x0800034b   Thumb Code     6  dadd.o(.text)
    __aeabi_drsub                            0x08000351   Thumb Code     6  dadd.o(.text)
    __aeabi_dmul                             0x08000357   Thumb Code   228  dmul.o(.text)
    __aeabi_ddiv                             0x0800043b   Thumb Code   222  ddiv.o(.text)
    __aeabi_i2f                              0x08000519   Thumb Code    18  fflti.o(.text)
    __aeabi_ui2f                             0x0800052b   Thumb Code    10  ffltui.o(.text)
    __aeabi_f2iz                             0x08000535   Thumb Code    50  ffixi.o(.text)
    __aeabi_f2d                              0x08000567   Thumb Code    38  f2d.o(.text)
    __aeabi_d2f                              0x0800058d   Thumb Code    56  d2f.o(.text)
    __aeabi_llsl                             0x080005c5   Thumb Code    30  llshl.o(.text)
    _ll_shift_l                              0x080005c5   Thumb Code     0  llshl.o(.text)
    __aeabi_lasr                             0x080005e3   Thumb Code    36  llsshr.o(.text)
    _ll_sshift_r                             0x080005e3   Thumb Code     0  llsshr.o(.text)
    __I$use$fp                               0x08000607   Thumb Code     0  iusefp.o(.text)
    _float_round                             0x08000607   Thumb Code    18  fepilogue.o(.text)
    _float_epilogue                          0x08000619   Thumb Code    92  fepilogue.o(.text)
    _double_round                            0x08000675   Thumb Code    30  depilogue.o(.text)
    _double_epilogue                         0x08000693   Thumb Code   156  depilogue.o(.text)
    __scatterload                            0x08000731   Thumb Code    28  init.o(.text)
    __scatterload_rt2                        0x08000731   Thumb Code     0  init.o(.text)
    __aeabi_llsr                             0x08000755   Thumb Code    32  llushr.o(.text)
    _ll_ushift_r                             0x08000755   Thumb Code     0  llushr.o(.text)
    Callback_USART                           0x08000775   Thumb Code    64  principal.o(i.Callback_USART)
    EXTI0_IRQHandler                         0x080007bd   Thumb Code    22  timer.o(i.EXTI0_IRQHandler)
    MyGPIO_Init                              0x080007dd   Thumb Code    38  driver_gpio.o(i.MyGPIO_Init)
    MyGPIO_Reset                             0x08000803   Thumb Code    12  driver_gpio.o(i.MyGPIO_Reset)
    MyGPIO_Set                               0x0800080f   Thumb Code    12  driver_gpio.o(i.MyGPIO_Set)
    MyTimer_Base_Init                        0x0800081b   Thumb Code    14  timer.o(i.MyTimer_Base_Init)
    MyTimer_EncoderMode                      0x08000829   Thumb Code   122  timer.o(i.MyTimer_EncoderMode)
    MyTimer_PWM_Enable                       0x080008a3   Thumb Code   428  timer.o(i.MyTimer_PWM_Enable)
    PWMRatio                                 0x08000a51   Thumb Code    78  timer.o(i.PWMRatio)
    SystemInit                               0x08000b8d   Thumb Code    78  system_stm32f10x.o(i.SystemInit)
    USART1_IRQHandler                        0x08000bed   Thumb Code    18  driver_usart.o(i.USART1_IRQHandler)
    USART_ActiveReadIT                       0x08000c09   Thumb Code    82  driver_usart.o(i.USART_ActiveReadIT)
    USART_Base_Init                          0x08000c69   Thumb Code    86  driver_usart.o(i.USART_Base_Init)
    __scatterload_copy                       0x08000cc9   Thumb Code    14  handlers.o(i.__scatterload_copy)
    __scatterload_null                       0x08000cd7   Thumb Code     2  handlers.o(i.__scatterload_null)
    __scatterload_zeroinit                   0x08000cd9   Thumb Code    14  handlers.o(i.__scatterload_zeroinit)
    init_EXIT                                0x08000ce9   Thumb Code   116  timer.o(i.init_EXIT)
    main                                     0x08000d6d   Thumb Code   446  principal.o(i.main)
    update_angle_servomoteur                 0x08000f7d   Thumb Code    78  driver_servomoteur.o(i.update_angle_servomoteur)
    Region$$Table$$Base                      0x08000fd8   Number         0  anon$$obj.o(Region$$Table)
    Region$$Table$$Limit                     0x08000ff8   Number         0  anon$$obj.o(Region$$Table)
    mGPIO_sens                               0x20000000   Data           8  principal.o(.data)
    mGPIO_USART                              0x20000008   Data           8  principal.o(.data)
    mGPIO_cap_PWM                            0x20000010   Data           8  principal.o(.data)
    mTimer_cap_PWM                           0x20000018   Data           8  principal.o(.data)
    TimerE                                   0x20000020   Data           8  principal.o(.data)
    TimerP                                   0x20000028   Data           8  principal.o(.data)
    inputEncoderA                            0x20000030   Data           8  principal.o(.data)
    inputEncoderB                            0x20000038   Data           8  principal.o(.data)
    inputEncoderI                            0x20000040   Data           8  principal.o(.data)
    outputPwm                                0x20000048   Data           8  principal.o(.data)
    k                                        0x20000050   Data           4  principal.o(.data)
    alpha                                    0x20000054   Data           4  principal.o(.data)
    teta                                     0x20000058   Data           4  principal.o(.data)
    MyCallback                               0x2000005c   Data           4  driver_usart.o(.data)
    __initial_sp                             0x20000460   Data           0  startup_stm32f10x_md.o(STACK)



==============================================================================

Memory Map of the image

  Image Entry point : 0x08000105

  Load Region LR_1 (Base: 0x08000000, Size: 0x00001058, Max: 0xffffffff, ABSOLUTE)

    Execution Region ER_RO (Exec base: 0x08000000, Load base: 0x08000000, Size: 0x00000ff8, Max: 0xffffffff, ABSOLUTE)

    Exec Addr    Load Addr    Size         Type   Attr      Idx    E Section Name        Object

    0x08000000   0x08000000   0x000000ec   Data   RO          247    RESET               startup_stm32f10x_md.o
    0x080000ec   0x080000ec   0x00000000   Code   RO          298  * .ARM.Collect$$$$00000000  mc_w.l(entry.o)
    0x080000ec   0x080000ec   0x00000004   Code   RO          321    .ARM.Collect$$$$00000001  mc_w.l(entry2.o)
    0x080000f0   0x080000f0   0x00000004   Code   RO          324    .ARM.Collect$$$$00000004  mc_w.l(entry5.o)
    0x080000f4   0x080000f4   0x00000000   Code   RO          326    .ARM.Collect$$$$00000008  mc_w.l(entry7b.o)
    0x080000f4   0x080000f4   0x00000000   Code   RO          328    .ARM.Collect$$$$0000000A  mc_w.l(entry8b.o)
    0x080000f4   0x080000f4   0x00000008   Code   RO          329    .ARM.Collect$$$$0000000B  mc_w.l(entry9a.o)
    0x080000fc   0x080000fc   0x00000004   Code   RO          336    .ARM.Collect$$$$0000000E  mc_w.l(entry12b.o)
    0x08000100   0x08000100   0x00000000   Code   RO          331    .ARM.Collect$$$$0000000F  mc_w.l(entry10a.o)
    0x08000100   0x08000100   0x00000000   Code   RO          333    .ARM.Collect$$$$00000011  mc_w.l(entry11a.o)
    0x08000100   0x08000100   0x00000004   Code   RO          322    .ARM.Collect$$$$00002712  mc_w.l(entry2.o)
    0x08000104   0x08000104   0x00000024   Code   RO          248  * .text               startup_stm32f10x_md.o
    0x08000128   0x08000128   0x00000064   Code   RO          301    .text               mf_w.l(fmul.o)
    0x0800018c   0x0800018c   0x0000007c   Code   RO          303    .text               mf_w.l(fdiv.o)
    0x08000208   0x08000208   0x0000014e   Code   RO          305    .text               mf_w.l(dadd.o)
    0x08000356   0x08000356   0x000000e4   Code   RO          307    .text               mf_w.l(dmul.o)
    0x0800043a   0x0800043a   0x000000de   Code   RO          309    .text               mf_w.l(ddiv.o)
    0x08000518   0x08000518   0x00000012   Code   RO          311    .text               mf_w.l(fflti.o)
    0x0800052a   0x0800052a   0x0000000a   Code   RO          313    .text               mf_w.l(ffltui.o)
    0x08000534   0x08000534   0x00000032   Code   RO          315    .text               mf_w.l(ffixi.o)
    0x08000566   0x08000566   0x00000026   Code   RO          317    .text               mf_w.l(f2d.o)
    0x0800058c   0x0800058c   0x00000038   Code   RO          319    .text               mf_w.l(d2f.o)
    0x080005c4   0x080005c4   0x0000001e   Code   RO          337    .text               mc_w.l(llshl.o)
    0x080005e2   0x080005e2   0x00000024   Code   RO          339    .text               mc_w.l(llsshr.o)
    0x08000606   0x08000606   0x00000000   Code   RO          341    .text               mc_w.l(iusefp.o)
    0x08000606   0x08000606   0x0000006e   Code   RO          342    .text               mf_w.l(fepilogue.o)
    0x08000674   0x08000674   0x000000ba   Code   RO          344    .text               mf_w.l(depilogue.o)
    0x0800072e   0x0800072e   0x00000002   PAD
    0x08000730   0x08000730   0x00000024   Code   RO          346    .text               mc_w.l(init.o)
    0x08000754   0x08000754   0x00000020   Code   RO          348    .text               mc_w.l(llushr.o)
    0x08000774   0x08000774   0x00000048   Code   RO            4    i.Callback_USART    principal.o
    0x080007bc   0x080007bc   0x00000020   Code   RO          126    i.EXTI0_IRQHandler  timer.o
    0x080007dc   0x080007dc   0x00000026   Code   RO           78    i.MyGPIO_Init       driver_gpio.o
    0x08000802   0x08000802   0x0000000c   Code   RO           80    i.MyGPIO_Reset      driver_gpio.o
    0x0800080e   0x0800080e   0x0000000c   Code   RO           81    i.MyGPIO_Set        driver_gpio.o
    0x0800081a   0x0800081a   0x0000000e   Code   RO          127    i.MyTimer_Base_Init  timer.o
    0x08000828   0x08000828   0x0000007a   Code   RO          128    i.MyTimer_EncoderMode  timer.o
    0x080008a2   0x080008a2   0x000001ac   Code   RO          129    i.MyTimer_PWM_Enable  timer.o
    0x08000a4e   0x08000a4e   0x00000002   PAD
    0x08000a50   0x08000a50   0x00000054   Code   RO          130    i.PWMRatio          timer.o
    0x08000aa4   0x08000aa4   0x00000008   Code   RO          255    i.SetSysClock       system_stm32f10x.o
    0x08000aac   0x08000aac   0x000000e0   Code   RO          256    i.SetSysClockTo72   system_stm32f10x.o
    0x08000b8c   0x08000b8c   0x00000060   Code   RO          258    i.SystemInit        system_stm32f10x.o
    0x08000bec   0x08000bec   0x0000001c   Code   RO          209    i.USART1_IRQHandler  driver_usart.o
    0x08000c08   0x08000c08   0x00000060   Code   RO          210    i.USART_ActiveReadIT  driver_usart.o
    0x08000c68   0x08000c68   0x00000060   Code   RO          211    i.USART_Base_Init   driver_usart.o
    0x08000cc8   0x08000cc8   0x0000000e   Code   RO          352    i.__scatterload_copy  mc_w.l(handlers.o)
    0x08000cd6   0x08000cd6   0x00000002   Code   RO          353    i.__scatterload_null  mc_w.l(handlers.o)
    0x08000cd8   0x08000cd8   0x0000000e   Code   RO          354    i.__scatterload_zeroinit  mc_w.l(handlers.o)
    0x08000ce6   0x08000ce6   0x00000002   PAD
    0x08000ce8   0x08000ce8   0x00000084   Code   RO          131    i.init_EXIT         timer.o
    0x08000d6c   0x08000d6c   0x00000210   Code   RO            5    i.main              principal.o
    0x08000f7c   0x08000f7c   0x0000005c   Code   RO          185    i.update_angle_servomoteur  driver_servomoteur.o
    0x08000fd8   0x08000fd8   0x00000020   Data   RO          350    Region$$Table       anon$$obj.o


    Execution Region ER_RW (Exec base: 0x20000000, Load base: 0x08000ff8, Size: 0x00000060, Max: 0xffffffff, ABSOLUTE)

    Exec Addr    Load Addr    Size         Type   Attr      Idx    E Section Name        Object

    0x20000000   0x08000ff8   0x0000005c   Data   RW            6    .data               principal.o
    0x2000005c   0x08001054   0x00000004   Data   RW          212    .data               driver_usart.o


    Execution Region ER_ZI (Exec base: 0x20000060, Load base: 0x08001058, Size: 0x00000400, Max: 0xffffffff, ABSOLUTE)

    Exec Addr    Load Addr    Size         Type   Attr      Idx    E Section Name        Object

    0x20000060        -       0x00000400   Zero   RW          245    STACK               startup_stm32f10x_md.o


==============================================================================

Image component sizes


      Code (inc. data)   RO Data    RW Data    ZI Data      Debug   Object Name

        62          0          0          0          0       1950   driver_gpio.o
        92         14          0          0          0       1091   driver_servomoteur.o
       220         34          0          4          0       2588   driver_usart.o
       600         90          0         92          0     209697   principal.o
        36          8        236          0       1024        860   startup_stm32f10x_md.o
       328         28          0          0          0       2181   system_stm32f10x.o
       812         32          0          0          0      29049   timer.o

    ----------------------------------------------------------------------
      2152        206        268         96       1024     247416   Object Totals
         0          0         32          0          0          0   (incl. Generated)
         2          0          0          0          0          0   (incl. Padding)

    ----------------------------------------------------------------------

      Code (inc. data)   RO Data    RW Data    ZI Data      Debug   Library Member Name

         0          0          0          0          0          0   entry.o
         0          0          0          0          0          0   entry10a.o
         0          0          0          0          0          0   entry11a.o
         4          0          0          0          0          0   entry12b.o
         8          4          0          0          0          0   entry2.o
         4          0          0          0          0          0   entry5.o
         0          0          0          0          0          0   entry7b.o
         0          0          0          0          0          0   entry8b.o
         8          4          0          0          0          0   entry9a.o
        30          0          0          0          0          0   handlers.o
        36          8          0          0          0         68   init.o
         0          0          0          0          0          0   iusefp.o
        30          0          0          0          0         68   llshl.o
        36          0          0          0          0         68   llsshr.o
        32          0          0          0          0         68   llushr.o
        56          0          0          0          0         88   d2f.o
       334          0          0          0          0        148   dadd.o
       222          0          0          0          0        100   ddiv.o
       186          0          0          0          0        176   depilogue.o
       228          0          0          0          0         96   dmul.o
        38          0          0          0          0         68   f2d.o
       124          0          0          0          0         88   fdiv.o
       110          0          0          0          0        168   fepilogue.o
        50          0          0          0          0         68   ffixi.o
        18          0          0          0          0         68   fflti.o
        10          0          0          0          0         68   ffltui.o
       100          0          0          0          0         76   fmul.o

    ----------------------------------------------------------------------
      1668         16          0          0          0       1484   Library Totals
         4          0          0          0          0          0   (incl. Padding)

    ----------------------------------------------------------------------

      Code (inc. data)   RO Data    RW Data    ZI Data      Debug   Library Name

       188         16          0          0          0        272   mc_w.l
      1476          0          0          0          0       1212   mf_w.l

    ----------------------------------------------------------------------
      1668         16          0          0          0       1484   Library Totals

    ----------------------------------------------------------------------

==============================================================================


      Code (inc. data)   RO Data    RW Data    ZI Data      Debug   

      3820        222        268         96       1024     247544   Grand Totals
      3820        222        268         96       1024     247544   ELF Image Totals
      3820        222        268         96          0          0   ROM Totals

==============================================================================

    Total RO  Size (Code + RO Data)                 4088 (   3.99kB)
    Total RW  Size (RW Data + ZI Data)              1120 (   1.09kB)
    Total ROM Size (Code + RO Data + RW Data)       4184 (   4.09kB)

==============================================================================

