Component: ARM Compiler 5.06 update 7 (build 960) Tool: armlink [4d3601]

==============================================================================

Section Cross References

    driver_gpio.o(i.MyGPIO_Toggle) refers to driver_gpio.o(i.MyGPIO_Read) for MyGPIO_Read
    driver_gpio.o(i.MyGPIO_Toggle) refers to driver_gpio.o(i.MyGPIO_Reset) for MyGPIO_Reset
    driver_gpio.o(i.MyGPIO_Toggle) refers to driver_gpio.o(i.MyGPIO_Set) for MyGPIO_Set
    mytimer.o(i.MyTimer_ActiveIT) refers to mytimer.o(i.__NVIC_EnableIRQ) for __NVIC_EnableIRQ
    mytimer.o(i.MyTimer_ActiveIT) refers to mytimer.o(i.__NVIC_SetPriority) for __NVIC_SetPriority
    mytimer.o(i.MyTimer_ActiveIT) refers to mytimer.o(.data) for MyCallback1
    mytimer.o(i.TIM1_UP_IRQHandler) refers to mytimer.o(.data) for MyCallback1
    mytimer.o(i.TIM2_IRQHandler) refers to mytimer.o(.data) for MyCallback2
    mytimer.o(i.TIM3_IRQHandler) refers to mytimer.o(.data) for MyCallback3
    mytimer.o(i.TIM4_IRQHandler) refers to mytimer.o(.data) for MyCallback4
    driver_usart.o(i.USART1_IRQHandler) refers to driver_usart.o(.data) for MyCallback
    driver_usart.o(i.USART_ActiveReadIT) refers to driver_usart.o(.data) for MyCallback
    adxl345.o(i.ADXL_Init) refers to driver_spi.o(i.SPI_Base_Init) for SPI_Base_Init
    adxl345.o(i.ADXL_Init) refers to driver_gpio.o(i.MyGPIO_Init) for MyGPIO_Init
    adxl345.o(i.ADXL_Init) refers to adxl345.o(.data) for GPIO_MISO
    adxl345.o(i.Read_Acceleration) refers to driver_gpio.o(i.MyGPIO_Reset) for MyGPIO_Reset
    adxl345.o(i.Read_Acceleration) refers to driver_spi.o(i.SPI_ReadWrite) for SPI_ReadWrite
    adxl345.o(i.Read_Acceleration) refers to driver_gpio.o(i.MyGPIO_Set) for MyGPIO_Set
    principal.o(i.ADXL_Callback) refers to adxl345.o(i.Read_Acceleration) for Read_Acceleration
    principal.o(i.Dir_Callback) refers to driver_gpio.o(i.MyGPIO_Set) for MyGPIO_Set
    principal.o(i.Dir_Callback) refers to driver_gpio.o(i.MyGPIO_Reset) for MyGPIO_Reset
    principal.o(i.Dir_Callback) refers to mytimer.o(i.MyPWM_SetRatio) for MyPWM_SetRatio
    principal.o(i.Dir_Callback) refers to principal.o(.data) for mGPIOsens
    principal.o(i.main) refers to driver_gpio.o(i.MyGPIO_Init) for MyGPIO_Init
    principal.o(i.main) refers to mytimer.o(i.MyTimer_Base_Init) for MyTimer_Base_Init
    principal.o(i.main) refers to mytimer.o(i.MyPWM_Enable) for MyPWM_Enable
    principal.o(i.main) refers to driver_usart.o(i.USART_Base_Init) for USART_Base_Init
    principal.o(i.main) refers to driver_usart.o(i.USART_ActiveReadIT) for USART_ActiveReadIT
    principal.o(i.main) refers to adxl345.o(i.ADXL_Init) for ADXL_Init
    principal.o(i.main) refers to mytimer.o(i.MyTimer_ActiveIT) for MyTimer_ActiveIT
    principal.o(i.main) refers to principal.o(.constdata) for .constdata
    principal.o(i.main) refers to principal.o(.data) for mGPIOsens
    principal.o(i.main) refers to principal.o(i.Dir_Callback) for Dir_Callback
    principal.o(i.main) refers to principal.o(i.ADXL_Callback) for ADXL_Callback
    startup_stm32f10x_md.o(RESET) refers to startup_stm32f10x_md.o(STACK) for __initial_sp
    startup_stm32f10x_md.o(RESET) refers to startup_stm32f10x_md.o(.text) for Reset_Handler
    startup_stm32f10x_md.o(RESET) refers to mytimer.o(i.TIM1_UP_IRQHandler) for TIM1_UP_IRQHandler
    startup_stm32f10x_md.o(RESET) refers to mytimer.o(i.TIM2_IRQHandler) for TIM2_IRQHandler
    startup_stm32f10x_md.o(RESET) refers to mytimer.o(i.TIM3_IRQHandler) for TIM3_IRQHandler
    startup_stm32f10x_md.o(RESET) refers to mytimer.o(i.TIM4_IRQHandler) for TIM4_IRQHandler
    startup_stm32f10x_md.o(RESET) refers to driver_usart.o(i.USART1_IRQHandler) for USART1_IRQHandler
    startup_stm32f10x_md.o(.text) refers to system_stm32f10x.o(i.SystemInit) for SystemInit
    startup_stm32f10x_md.o(.text) refers to entry.o(.ARM.Collect$$$$00000000) for __main
    system_stm32f10x.o(i.SetSysClock) refers to system_stm32f10x.o(i.SetSysClockTo72) for SetSysClockTo72
    system_stm32f10x.o(i.SystemCoreClockUpdate) refers to system_stm32f10x.o(.data) for SystemCoreClock
    system_stm32f10x.o(i.SystemInit) refers to system_stm32f10x.o(i.SetSysClock) for SetSysClock
    entry.o(.ARM.Collect$$$$00000000) refers (Special) to entry10a.o(.ARM.Collect$$$$0000000F) for __rt_final_cpp
    entry.o(.ARM.Collect$$$$00000000) refers (Special) to entry11a.o(.ARM.Collect$$$$00000011) for __rt_final_exit
    entry.o(.ARM.Collect$$$$00000000) refers (Special) to entry12b.o(.ARM.Collect$$$$0000000E) for __rt_lib_shutdown_fini
    entry.o(.ARM.Collect$$$$00000000) refers (Special) to entry7b.o(.ARM.Collect$$$$00000008) for _main_clock
    entry.o(.ARM.Collect$$$$00000000) refers (Special) to entry8b.o(.ARM.Collect$$$$0000000A) for _main_cpp_init
    entry.o(.ARM.Collect$$$$00000000) refers (Special) to entry9a.o(.ARM.Collect$$$$0000000B) for _main_init
    entry.o(.ARM.Collect$$$$00000000) refers (Special) to entry5.o(.ARM.Collect$$$$00000004) for _main_scatterload
    entry.o(.ARM.Collect$$$$00000000) refers (Special) to entry2.o(.ARM.Collect$$$$00000001) for _main_stk
    entry2.o(.ARM.Collect$$$$00000001) refers to entry2.o(.ARM.Collect$$$$00002712) for __lit__00000000
    entry2.o(.ARM.Collect$$$$00002712) refers to startup_stm32f10x_md.o(STACK) for __initial_sp
    entry2.o(__vectab_stack_and_reset_area) refers to startup_stm32f10x_md.o(STACK) for __initial_sp
    entry2.o(__vectab_stack_and_reset_area) refers to entry.o(.ARM.Collect$$$$00000000) for __main
    entry5.o(.ARM.Collect$$$$00000004) refers to init.o(.text) for __scatterload
    entry9a.o(.ARM.Collect$$$$0000000B) refers to principal.o(i.main) for main
    entry9b.o(.ARM.Collect$$$$0000000C) refers to principal.o(i.main) for main
    init.o(.text) refers to entry5.o(.ARM.Collect$$$$00000004) for __main_after_scatterload


==============================================================================

Removing Unused input sections from the image.

    Removing driver_gpio.o(.rev16_text), (4 bytes).
    Removing driver_gpio.o(.revsh_text), (4 bytes).
    Removing driver_gpio.o(.rrx_text), (6 bytes).
    Removing driver_gpio.o(i.MyGPIO_Read), (12 bytes).
    Removing driver_gpio.o(i.MyGPIO_Toggle), (36 bytes).
    Removing mytimer.o(.rev16_text), (4 bytes).
    Removing mytimer.o(.revsh_text), (4 bytes).
    Removing mytimer.o(.rrx_text), (6 bytes).
    Removing driver_usart.o(.rev16_text), (4 bytes).
    Removing driver_usart.o(.revsh_text), (4 bytes).
    Removing driver_usart.o(.rrx_text), (6 bytes).
    Removing driver_spi.o(.rev16_text), (4 bytes).
    Removing driver_spi.o(.revsh_text), (4 bytes).
    Removing driver_spi.o(.rrx_text), (6 bytes).
    Removing adxl345.o(.rev16_text), (4 bytes).
    Removing adxl345.o(.revsh_text), (4 bytes).
    Removing adxl345.o(.rrx_text), (6 bytes).
    Removing principal.o(.rev16_text), (4 bytes).
    Removing principal.o(.revsh_text), (4 bytes).
    Removing principal.o(.rrx_text), (6 bytes).
    Removing startup_stm32f10x_md.o(HEAP), (512 bytes).
    Removing system_stm32f10x.o(.rev16_text), (4 bytes).
    Removing system_stm32f10x.o(.revsh_text), (4 bytes).
    Removing system_stm32f10x.o(.rrx_text), (6 bytes).
    Removing system_stm32f10x.o(i.SystemCoreClockUpdate), (164 bytes).
    Removing system_stm32f10x.o(.data), (20 bytes).

26 unused section(s) (total 842 bytes) removed from the image.

==============================================================================

Image Symbol Table

    Local Symbols

    Symbol Name                              Value     Ov Type        Size  Object(Section)

    ../clib/microlib/init/entry.s            0x00000000   Number         0  entry5.o ABSOLUTE
    ../clib/microlib/init/entry.s            0x00000000   Number         0  entry12b.o ABSOLUTE
    ../clib/microlib/init/entry.s            0x00000000   Number         0  entry12a.o ABSOLUTE
    ../clib/microlib/init/entry.s            0x00000000   Number         0  entry11b.o ABSOLUTE
    ../clib/microlib/init/entry.s            0x00000000   Number         0  entry11a.o ABSOLUTE
    ../clib/microlib/init/entry.s            0x00000000   Number         0  entry10b.o ABSOLUTE
    ../clib/microlib/init/entry.s            0x00000000   Number         0  entry7a.o ABSOLUTE
    ../clib/microlib/init/entry.s            0x00000000   Number         0  entry10a.o ABSOLUTE
    ../clib/microlib/init/entry.s            0x00000000   Number         0  entry9b.o ABSOLUTE
    ../clib/microlib/init/entry.s            0x00000000   Number         0  entry7b.o ABSOLUTE
    ../clib/microlib/init/entry.s            0x00000000   Number         0  entry9a.o ABSOLUTE
    ../clib/microlib/init/entry.s            0x00000000   Number         0  entry8a.o ABSOLUTE
    ../clib/microlib/init/entry.s            0x00000000   Number         0  entry8b.o ABSOLUTE
    ../clib/microlib/init/entry.s            0x00000000   Number         0  entry.o ABSOLUTE
    ../clib/microlib/init/entry.s            0x00000000   Number         0  entry2.o ABSOLUTE
    ..\Mes Drivers\ADXL345.c                 0x00000000   Number         0  adxl345.o ABSOLUTE
    ..\Mes Drivers\Driver_GPIO.c             0x00000000   Number         0  driver_gpio.o ABSOLUTE
    ..\Mes Drivers\Driver_SPI.c              0x00000000   Number         0  driver_spi.o ABSOLUTE
    ..\Mes Drivers\Driver_USART.c            0x00000000   Number         0  driver_usart.o ABSOLUTE
    ..\Mes Drivers\MyTimer.c                 0x00000000   Number         0  mytimer.o ABSOLUTE
    ..\\Mes Drivers\\ADXL345.c               0x00000000   Number         0  adxl345.o ABSOLUTE
    ..\\Mes Drivers\\Driver_GPIO.c           0x00000000   Number         0  driver_gpio.o ABSOLUTE
    ..\\Mes Drivers\\Driver_SPI.c            0x00000000   Number         0  driver_spi.o ABSOLUTE
    ..\\Mes Drivers\\Driver_USART.c          0x00000000   Number         0  driver_usart.o ABSOLUTE
    ..\\Mes Drivers\\MyTimer.c               0x00000000   Number         0  mytimer.o ABSOLUTE
    RTE\Device\STM32F103RB\startup_stm32f10x_md.s 0x00000000   Number         0  startup_stm32f10x_md.o ABSOLUTE
    RTE\Device\STM32F103RB\system_stm32f10x.c 0x00000000   Number         0  system_stm32f10x.o ABSOLUTE
    RTE\\Device\\STM32F103RB\\system_stm32f10x.c 0x00000000   Number         0  system_stm32f10x.o ABSOLUTE
    Source\Principal.c                       0x00000000   Number         0  principal.o ABSOLUTE
    Source\\Principal.c                      0x00000000   Number         0  principal.o ABSOLUTE
    dc.s                                     0x00000000   Number         0  dc.o ABSOLUTE
    handlers.s                               0x00000000   Number         0  handlers.o ABSOLUTE
    init.s                                   0x00000000   Number         0  init.o ABSOLUTE
    RESET                                    0x08000000   Section      236  startup_stm32f10x_md.o(RESET)
    .ARM.Collect$$$$00000000                 0x080000ec   Section        0  entry.o(.ARM.Collect$$$$00000000)
    .ARM.Collect$$$$00000001                 0x080000ec   Section        4  entry2.o(.ARM.Collect$$$$00000001)
    .ARM.Collect$$$$00000004                 0x080000f0   Section        4  entry5.o(.ARM.Collect$$$$00000004)
    .ARM.Collect$$$$00000008                 0x080000f4   Section        0  entry7b.o(.ARM.Collect$$$$00000008)
    .ARM.Collect$$$$0000000A                 0x080000f4   Section        0  entry8b.o(.ARM.Collect$$$$0000000A)
    .ARM.Collect$$$$0000000B                 0x080000f4   Section        8  entry9a.o(.ARM.Collect$$$$0000000B)
    .ARM.Collect$$$$0000000E                 0x080000fc   Section        4  entry12b.o(.ARM.Collect$$$$0000000E)
    .ARM.Collect$$$$0000000F                 0x08000100   Section        0  entry10a.o(.ARM.Collect$$$$0000000F)
    .ARM.Collect$$$$00000011                 0x08000100   Section        0  entry11a.o(.ARM.Collect$$$$00000011)
    .ARM.Collect$$$$00002712                 0x08000100   Section        4  entry2.o(.ARM.Collect$$$$00002712)
    __lit__00000000                          0x08000100   Data           4  entry2.o(.ARM.Collect$$$$00002712)
    .text                                    0x08000104   Section       36  startup_stm32f10x_md.o(.text)
    .text                                    0x08000128   Section       36  init.o(.text)
    i.ADXL_Callback                          0x0800014c   Section        0  principal.o(i.ADXL_Callback)
    i.ADXL_Init                              0x08000160   Section        0  adxl345.o(i.ADXL_Init)
    i.Dir_Callback                           0x08000190   Section        0  principal.o(i.Dir_Callback)
    i.MyGPIO_Init                            0x080001cc   Section        0  driver_gpio.o(i.MyGPIO_Init)
    i.MyGPIO_Reset                           0x08000228   Section        0  driver_gpio.o(i.MyGPIO_Reset)
    i.MyGPIO_Set                             0x0800023c   Section        0  driver_gpio.o(i.MyGPIO_Set)
    i.MyPWM_Enable                           0x08000248   Section        0  mytimer.o(i.MyPWM_Enable)
    i.MyPWM_SetRatio                         0x080002d4   Section        0  mytimer.o(i.MyPWM_SetRatio)
    i.MyTimer_ActiveIT                       0x08000324   Section        0  mytimer.o(i.MyTimer_ActiveIT)
    i.MyTimer_Base_Init                      0x080003b0   Section        0  mytimer.o(i.MyTimer_Base_Init)
    i.Read_Acceleration                      0x080003c0   Section        0  adxl345.o(i.Read_Acceleration)
    i.SPI_Base_Init                          0x08000434   Section        0  driver_spi.o(i.SPI_Base_Init)
    i.SPI_ReadWrite                          0x08000448   Section        0  driver_spi.o(i.SPI_ReadWrite)
    i.SetSysClock                            0x080004d0   Section        0  system_stm32f10x.o(i.SetSysClock)
    SetSysClock                              0x080004d1   Thumb Code     8  system_stm32f10x.o(i.SetSysClock)
    i.SetSysClockTo72                        0x080004d8   Section        0  system_stm32f10x.o(i.SetSysClockTo72)
    SetSysClockTo72                          0x080004d9   Thumb Code   214  system_stm32f10x.o(i.SetSysClockTo72)
    i.SystemInit                             0x080005b8   Section        0  system_stm32f10x.o(i.SystemInit)
    i.TIM1_UP_IRQHandler                     0x08000618   Section        0  mytimer.o(i.TIM1_UP_IRQHandler)
    i.TIM2_IRQHandler                        0x08000638   Section        0  mytimer.o(i.TIM2_IRQHandler)
    i.TIM3_IRQHandler                        0x08000658   Section        0  mytimer.o(i.TIM3_IRQHandler)
    i.TIM4_IRQHandler                        0x08000678   Section        0  mytimer.o(i.TIM4_IRQHandler)
    i.USART1_IRQHandler                      0x08000698   Section        0  driver_usart.o(i.USART1_IRQHandler)
    i.USART_ActiveReadIT                     0x080006b4   Section        0  driver_usart.o(i.USART_ActiveReadIT)
    i.USART_Base_Init                        0x08000714   Section        0  driver_usart.o(i.USART_Base_Init)
    i.__NVIC_EnableIRQ                       0x08000774   Section        0  mytimer.o(i.__NVIC_EnableIRQ)
    __NVIC_EnableIRQ                         0x08000775   Thumb Code    34  mytimer.o(i.__NVIC_EnableIRQ)
    i.__NVIC_SetPriority                     0x08000798   Section        0  mytimer.o(i.__NVIC_SetPriority)
    __NVIC_SetPriority                       0x08000799   Thumb Code    32  mytimer.o(i.__NVIC_SetPriority)
    i.__scatterload_copy                     0x080007c0   Section       14  handlers.o(i.__scatterload_copy)
    i.__scatterload_null                     0x080007ce   Section        2  handlers.o(i.__scatterload_null)
    i.__scatterload_zeroinit                 0x080007d0   Section       14  handlers.o(i.__scatterload_zeroinit)
    i.main                                   0x080007e0   Section        0  principal.o(i.main)
    .constdata                               0x080008c8   Section       32  principal.o(.constdata)
    .data                                    0x20000000   Section       16  mytimer.o(.data)
    .data                                    0x20000010   Section        4  driver_usart.o(.data)
    .data                                    0x20000014   Section       32  adxl345.o(.data)
    .data                                    0x20000034   Section        8  principal.o(.data)
    STACK                                    0x20000040   Section     1024  startup_stm32f10x_md.o(STACK)

    Global Symbols

    Symbol Name                              Value     Ov Type        Size  Object(Section)

    BuildAttributes$$THM_ISAv4$P$D$K$B$S$PE$A:L22UL41UL21$X:L11$S22US41US21$IEEE1$IW$USESV6$~STKCKD$USESV7$~SHL$OSPACE$EBA8$MICROLIB$REQ8$PRES8$EABIv2 0x00000000   Number         0  anon$$obj.o ABSOLUTE
    __ARM_use_no_argv                        0x00000000   Number         0  principal.o ABSOLUTE
    __arm_fini_                               - Undefined Weak Reference
    __cpp_initialize__aeabi_                  - Undefined Weak Reference
    __cxa_finalize                            - Undefined Weak Reference
    __decompress                              - Undefined Weak Reference
    _clock_init                               - Undefined Weak Reference
    _microlib_exit                            - Undefined Weak Reference
    __Vectors_Size                           0x000000ec   Number         0  startup_stm32f10x_md.o ABSOLUTE
    __Vectors                                0x08000000   Data           4  startup_stm32f10x_md.o(RESET)
    __Vectors_End                            0x080000ec   Data           0  startup_stm32f10x_md.o(RESET)
    __main                                   0x080000ed   Thumb Code     0  entry.o(.ARM.Collect$$$$00000000)
    _main_stk                                0x080000ed   Thumb Code     0  entry2.o(.ARM.Collect$$$$00000001)
    _main_scatterload                        0x080000f1   Thumb Code     0  entry5.o(.ARM.Collect$$$$00000004)
    __main_after_scatterload                 0x080000f5   Thumb Code     0  entry5.o(.ARM.Collect$$$$00000004)
    _main_clock                              0x080000f5   Thumb Code     0  entry7b.o(.ARM.Collect$$$$00000008)
    _main_cpp_init                           0x080000f5   Thumb Code     0  entry8b.o(.ARM.Collect$$$$0000000A)
    _main_init                               0x080000f5   Thumb Code     0  entry9a.o(.ARM.Collect$$$$0000000B)
    __rt_lib_shutdown_fini                   0x080000fd   Thumb Code     0  entry12b.o(.ARM.Collect$$$$0000000E)
    __rt_final_cpp                           0x08000101   Thumb Code     0  entry10a.o(.ARM.Collect$$$$0000000F)
    __rt_final_exit                          0x08000101   Thumb Code     0  entry11a.o(.ARM.Collect$$$$00000011)
    Reset_Handler                            0x08000105   Thumb Code     8  startup_stm32f10x_md.o(.text)
    NMI_Handler                              0x0800010d   Thumb Code     2  startup_stm32f10x_md.o(.text)
    HardFault_Handler                        0x0800010f   Thumb Code     2  startup_stm32f10x_md.o(.text)
    MemManage_Handler                        0x08000111   Thumb Code     2  startup_stm32f10x_md.o(.text)
    BusFault_Handler                         0x08000113   Thumb Code     2  startup_stm32f10x_md.o(.text)
    UsageFault_Handler                       0x08000115   Thumb Code     2  startup_stm32f10x_md.o(.text)
    SVC_Handler                              0x08000117   Thumb Code     2  startup_stm32f10x_md.o(.text)
    DebugMon_Handler                         0x08000119   Thumb Code     2  startup_stm32f10x_md.o(.text)
    PendSV_Handler                           0x0800011b   Thumb Code     2  startup_stm32f10x_md.o(.text)
    SysTick_Handler                          0x0800011d   Thumb Code     2  startup_stm32f10x_md.o(.text)
    ADC1_2_IRQHandler                        0x0800011f   Thumb Code     0  startup_stm32f10x_md.o(.text)
    CAN1_RX1_IRQHandler                      0x0800011f   Thumb Code     0  startup_stm32f10x_md.o(.text)
    CAN1_SCE_IRQHandler                      0x0800011f   Thumb Code     0  startup_stm32f10x_md.o(.text)
    DMA1_Channel1_IRQHandler                 0x0800011f   Thumb Code     0  startup_stm32f10x_md.o(.text)
    DMA1_Channel2_IRQHandler                 0x0800011f   Thumb Code     0  startup_stm32f10x_md.o(.text)
    DMA1_Channel3_IRQHandler                 0x0800011f   Thumb Code     0  startup_stm32f10x_md.o(.text)
    DMA1_Channel4_IRQHandler                 0x0800011f   Thumb Code     0  startup_stm32f10x_md.o(.text)
    DMA1_Channel5_IRQHandler                 0x0800011f   Thumb Code     0  startup_stm32f10x_md.o(.text)
    DMA1_Channel6_IRQHandler                 0x0800011f   Thumb Code     0  startup_stm32f10x_md.o(.text)
    DMA1_Channel7_IRQHandler                 0x0800011f   Thumb Code     0  startup_stm32f10x_md.o(.text)
    EXTI0_IRQHandler                         0x0800011f   Thumb Code     0  startup_stm32f10x_md.o(.text)
    EXTI15_10_IRQHandler                     0x0800011f   Thumb Code     0  startup_stm32f10x_md.o(.text)
    EXTI1_IRQHandler                         0x0800011f   Thumb Code     0  startup_stm32f10x_md.o(.text)
    EXTI2_IRQHandler                         0x0800011f   Thumb Code     0  startup_stm32f10x_md.o(.text)
    EXTI3_IRQHandler                         0x0800011f   Thumb Code     0  startup_stm32f10x_md.o(.text)
    EXTI4_IRQHandler                         0x0800011f   Thumb Code     0  startup_stm32f10x_md.o(.text)
    EXTI9_5_IRQHandler                       0x0800011f   Thumb Code     0  startup_stm32f10x_md.o(.text)
    FLASH_IRQHandler                         0x0800011f   Thumb Code     0  startup_stm32f10x_md.o(.text)
    I2C1_ER_IRQHandler                       0x0800011f   Thumb Code     0  startup_stm32f10x_md.o(.text)
    I2C1_EV_IRQHandler                       0x0800011f   Thumb Code     0  startup_stm32f10x_md.o(.text)
    I2C2_ER_IRQHandler                       0x0800011f   Thumb Code     0  startup_stm32f10x_md.o(.text)
    I2C2_EV_IRQHandler                       0x0800011f   Thumb Code     0  startup_stm32f10x_md.o(.text)
    PVD_IRQHandler                           0x0800011f   Thumb Code     0  startup_stm32f10x_md.o(.text)
    RCC_IRQHandler                           0x0800011f   Thumb Code     0  startup_stm32f10x_md.o(.text)
    RTCAlarm_IRQHandler                      0x0800011f   Thumb Code     0  startup_stm32f10x_md.o(.text)
    RTC_IRQHandler                           0x0800011f   Thumb Code     0  startup_stm32f10x_md.o(.text)
    SPI1_IRQHandler                          0x0800011f   Thumb Code     0  startup_stm32f10x_md.o(.text)
    SPI2_IRQHandler                          0x0800011f   Thumb Code     0  startup_stm32f10x_md.o(.text)
    TAMPER_IRQHandler                        0x0800011f   Thumb Code     0  startup_stm32f10x_md.o(.text)
    TIM1_BRK_IRQHandler                      0x0800011f   Thumb Code     0  startup_stm32f10x_md.o(.text)
    TIM1_CC_IRQHandler                       0x0800011f   Thumb Code     0  startup_stm32f10x_md.o(.text)
    TIM1_TRG_COM_IRQHandler                  0x0800011f   Thumb Code     0  startup_stm32f10x_md.o(.text)
    USART2_IRQHandler                        0x0800011f   Thumb Code     0  startup_stm32f10x_md.o(.text)
    USART3_IRQHandler                        0x0800011f   Thumb Code     0  startup_stm32f10x_md.o(.text)
    USBWakeUp_IRQHandler                     0x0800011f   Thumb Code     0  startup_stm32f10x_md.o(.text)
    USB_HP_CAN1_TX_IRQHandler                0x0800011f   Thumb Code     0  startup_stm32f10x_md.o(.text)
    USB_LP_CAN1_RX0_IRQHandler               0x0800011f   Thumb Code     0  startup_stm32f10x_md.o(.text)
    WWDG_IRQHandler                          0x0800011f   Thumb Code     0  startup_stm32f10x_md.o(.text)
    __scatterload                            0x08000129   Thumb Code    28  init.o(.text)
    __scatterload_rt2                        0x08000129   Thumb Code     0  init.o(.text)
    ADXL_Callback                            0x0800014d   Thumb Code    18  principal.o(i.ADXL_Callback)
    ADXL_Init                                0x08000161   Thumb Code    32  adxl345.o(i.ADXL_Init)
    Dir_Callback                             0x08000191   Thumb Code    52  principal.o(i.Dir_Callback)
    MyGPIO_Init                              0x080001cd   Thumb Code    92  driver_gpio.o(i.MyGPIO_Init)
    MyGPIO_Reset                             0x08000229   Thumb Code    16  driver_gpio.o(i.MyGPIO_Reset)
    MyGPIO_Set                               0x0800023d   Thumb Code    12  driver_gpio.o(i.MyGPIO_Set)
    MyPWM_Enable                             0x08000249   Thumb Code   134  mytimer.o(i.MyPWM_Enable)
    MyPWM_SetRatio                           0x080002d5   Thumb Code    80  mytimer.o(i.MyPWM_SetRatio)
    MyTimer_ActiveIT                         0x08000325   Thumb Code   114  mytimer.o(i.MyTimer_ActiveIT)
    MyTimer_Base_Init                        0x080003b1   Thumb Code    14  mytimer.o(i.MyTimer_Base_Init)
    Read_Acceleration                        0x080003c1   Thumb Code   106  adxl345.o(i.Read_Acceleration)
    SPI_Base_Init                            0x08000435   Thumb Code    14  driver_spi.o(i.SPI_Base_Init)
    SPI_ReadWrite                            0x08000449   Thumb Code   132  driver_spi.o(i.SPI_ReadWrite)
    SystemInit                               0x080005b9   Thumb Code    78  system_stm32f10x.o(i.SystemInit)
    TIM1_UP_IRQHandler                       0x08000619   Thumb Code    22  mytimer.o(i.TIM1_UP_IRQHandler)
    TIM2_IRQHandler                          0x08000639   Thumb Code    26  mytimer.o(i.TIM2_IRQHandler)
    TIM3_IRQHandler                          0x08000659   Thumb Code    22  mytimer.o(i.TIM3_IRQHandler)
    TIM4_IRQHandler                          0x08000679   Thumb Code    22  mytimer.o(i.TIM4_IRQHandler)
    USART1_IRQHandler                        0x08000699   Thumb Code    18  driver_usart.o(i.USART1_IRQHandler)
    USART_ActiveReadIT                       0x080006b5   Thumb Code    82  driver_usart.o(i.USART_ActiveReadIT)
    USART_Base_Init                          0x08000715   Thumb Code    86  driver_usart.o(i.USART_Base_Init)
    __scatterload_copy                       0x080007c1   Thumb Code    14  handlers.o(i.__scatterload_copy)
    __scatterload_null                       0x080007cf   Thumb Code     2  handlers.o(i.__scatterload_null)
    __scatterload_zeroinit                   0x080007d1   Thumb Code    14  handlers.o(i.__scatterload_zeroinit)
    main                                     0x080007e1   Thumb Code   204  principal.o(i.main)
    Region$$Table$$Base                      0x080008e8   Number         0  anon$$obj.o(Region$$Table)
    Region$$Table$$Limit                     0x08000908   Number         0  anon$$obj.o(Region$$Table)
    MyCallback1                              0x20000000   Data           4  mytimer.o(.data)
    MyCallback2                              0x20000004   Data           4  mytimer.o(.data)
    MyCallback3                              0x20000008   Data           4  mytimer.o(.data)
    MyCallback4                              0x2000000c   Data           4  mytimer.o(.data)
    MyCallback                               0x20000010   Data           4  driver_usart.o(.data)
    GPIO_MISO                                0x20000014   Data           8  adxl345.o(.data)
    GPIO_MOSI                                0x2000001c   Data           8  adxl345.o(.data)
    GPIO_Clock                               0x20000024   Data           8  adxl345.o(.data)
    GPIO_CS                                  0x2000002c   Data           8  adxl345.o(.data)
    mGPIOsens                                0x20000034   Data           8  principal.o(.data)
    __initial_sp                             0x20000440   Data           0  startup_stm32f10x_md.o(STACK)



==============================================================================

Memory Map of the image

  Image Entry point : 0x08000105

  Load Region LR_1 (Base: 0x08000000, Size: 0x00000944, Max: 0xffffffff, ABSOLUTE)

    Execution Region ER_RO (Exec base: 0x08000000, Load base: 0x08000000, Size: 0x00000908, Max: 0xffffffff, ABSOLUTE)

    Exec Addr    Load Addr    Size         Type   Attr      Idx    E Section Name        Object

    0x08000000   0x08000000   0x000000ec   Data   RO          324    RESET               startup_stm32f10x_md.o
    0x080000ec   0x080000ec   0x00000000   Code   RO          375  * .ARM.Collect$$$$00000000  mc_w.l(entry.o)
    0x080000ec   0x080000ec   0x00000004   Code   RO          378    .ARM.Collect$$$$00000001  mc_w.l(entry2.o)
    0x080000f0   0x080000f0   0x00000004   Code   RO          381    .ARM.Collect$$$$00000004  mc_w.l(entry5.o)
    0x080000f4   0x080000f4   0x00000000   Code   RO          383    .ARM.Collect$$$$00000008  mc_w.l(entry7b.o)
    0x080000f4   0x080000f4   0x00000000   Code   RO          385    .ARM.Collect$$$$0000000A  mc_w.l(entry8b.o)
    0x080000f4   0x080000f4   0x00000008   Code   RO          386    .ARM.Collect$$$$0000000B  mc_w.l(entry9a.o)
    0x080000fc   0x080000fc   0x00000004   Code   RO          393    .ARM.Collect$$$$0000000E  mc_w.l(entry12b.o)
    0x08000100   0x08000100   0x00000000   Code   RO          388    .ARM.Collect$$$$0000000F  mc_w.l(entry10a.o)
    0x08000100   0x08000100   0x00000000   Code   RO          390    .ARM.Collect$$$$00000011  mc_w.l(entry11a.o)
    0x08000100   0x08000100   0x00000004   Code   RO          379    .ARM.Collect$$$$00002712  mc_w.l(entry2.o)
    0x08000104   0x08000104   0x00000024   Code   RO          325  * .text               startup_stm32f10x_md.o
    0x08000128   0x08000128   0x00000024   Code   RO          394    .text               mc_w.l(init.o)
    0x0800014c   0x0800014c   0x00000012   Code   RO          282    i.ADXL_Callback     principal.o
    0x0800015e   0x0800015e   0x00000002   PAD
    0x08000160   0x08000160   0x00000030   Code   RO          243    i.ADXL_Init         adxl345.o
    0x08000190   0x08000190   0x0000003c   Code   RO          283    i.Dir_Callback      principal.o
    0x080001cc   0x080001cc   0x0000005c   Code   RO            4    i.MyGPIO_Init       driver_gpio.o
    0x08000228   0x08000228   0x00000014   Code   RO            6    i.MyGPIO_Reset      driver_gpio.o
    0x0800023c   0x0800023c   0x0000000c   Code   RO            7    i.MyGPIO_Set        driver_gpio.o
    0x08000248   0x08000248   0x0000008c   Code   RO           84    i.MyPWM_Enable      mytimer.o
    0x080002d4   0x080002d4   0x00000050   Code   RO           85    i.MyPWM_SetRatio    mytimer.o
    0x08000324   0x08000324   0x0000008c   Code   RO           86    i.MyTimer_ActiveIT  mytimer.o
    0x080003b0   0x080003b0   0x0000000e   Code   RO           87    i.MyTimer_Base_Init  mytimer.o
    0x080003be   0x080003be   0x00000002   PAD
    0x080003c0   0x080003c0   0x00000074   Code   RO          244    i.Read_Acceleration  adxl345.o
    0x08000434   0x08000434   0x00000014   Code   RO          213    i.SPI_Base_Init     driver_spi.o
    0x08000448   0x08000448   0x00000088   Code   RO          214    i.SPI_ReadWrite     driver_spi.o
    0x080004d0   0x080004d0   0x00000008   Code   RO          332    i.SetSysClock       system_stm32f10x.o
    0x080004d8   0x080004d8   0x000000e0   Code   RO          333    i.SetSysClockTo72   system_stm32f10x.o
    0x080005b8   0x080005b8   0x00000060   Code   RO          335    i.SystemInit        system_stm32f10x.o
    0x08000618   0x08000618   0x00000020   Code   RO           88    i.TIM1_UP_IRQHandler  mytimer.o
    0x08000638   0x08000638   0x00000020   Code   RO           89    i.TIM2_IRQHandler   mytimer.o
    0x08000658   0x08000658   0x00000020   Code   RO           90    i.TIM3_IRQHandler   mytimer.o
    0x08000678   0x08000678   0x00000020   Code   RO           91    i.TIM4_IRQHandler   mytimer.o
    0x08000698   0x08000698   0x0000001c   Code   RO          170    i.USART1_IRQHandler  driver_usart.o
    0x080006b4   0x080006b4   0x00000060   Code   RO          171    i.USART_ActiveReadIT  driver_usart.o
    0x08000714   0x08000714   0x00000060   Code   RO          172    i.USART_Base_Init   driver_usart.o
    0x08000774   0x08000774   0x00000022   Code   RO           92    i.__NVIC_EnableIRQ  mytimer.o
    0x08000796   0x08000796   0x00000002   PAD
    0x08000798   0x08000798   0x00000028   Code   RO           93    i.__NVIC_SetPriority  mytimer.o
    0x080007c0   0x080007c0   0x0000000e   Code   RO          398    i.__scatterload_copy  mc_w.l(handlers.o)
    0x080007ce   0x080007ce   0x00000002   Code   RO          399    i.__scatterload_null  mc_w.l(handlers.o)
    0x080007d0   0x080007d0   0x0000000e   Code   RO          400    i.__scatterload_zeroinit  mc_w.l(handlers.o)
    0x080007de   0x080007de   0x00000002   PAD
    0x080007e0   0x080007e0   0x000000e8   Code   RO          284    i.main              principal.o
    0x080008c8   0x080008c8   0x00000020   Data   RO          285    .constdata          principal.o
    0x080008e8   0x080008e8   0x00000020   Data   RO          396    Region$$Table       anon$$obj.o


    Execution Region ER_RW (Exec base: 0x20000000, Load base: 0x08000908, Size: 0x0000003c, Max: 0xffffffff, ABSOLUTE)

    Exec Addr    Load Addr    Size         Type   Attr      Idx    E Section Name        Object

    0x20000000   0x08000908   0x00000010   Data   RW           94    .data               mytimer.o
    0x20000010   0x08000918   0x00000004   Data   RW          173    .data               driver_usart.o
    0x20000014   0x0800091c   0x00000020   Data   RW          245    .data               adxl345.o
    0x20000034   0x0800093c   0x00000008   Data   RW          286    .data               principal.o


    Execution Region ER_ZI (Exec base: 0x2000003c, Load base: 0x08000944, Size: 0x00000404, Max: 0xffffffff, ABSOLUTE)

    Exec Addr    Load Addr    Size         Type   Attr      Idx    E Section Name        Object

    0x2000003c   0x08000944   0x00000004   PAD
    0x20000040        -       0x00000400   Zero   RW          322    STACK               startup_stm32f10x_md.o


==============================================================================

Image component sizes


      Code (inc. data)   RO Data    RW Data    ZI Data      Debug   Object Name

       164         26          0         32          0       1901   adxl345.o
       124          4          0          0          0     209182   driver_gpio.o
       156         10          0          0          0       1100   driver_spi.o
       220         34          0          4          0      27347   driver_usart.o
       576         76          0         16          0       7048   mytimer.o
       310         36         32          8          0       2034   principal.o
        36          8        236          0       1024        860   startup_stm32f10x_md.o
       328         28          0          0          0       2189   system_stm32f10x.o

    ----------------------------------------------------------------------
      1920        222        300         60       1028     251661   Object Totals
         0          0         32          0          0          0   (incl. Generated)
         6          0          0          0          4          0   (incl. Padding)

    ----------------------------------------------------------------------

      Code (inc. data)   RO Data    RW Data    ZI Data      Debug   Library Member Name

         0          0          0          0          0          0   entry.o
         0          0          0          0          0          0   entry10a.o
         0          0          0          0          0          0   entry11a.o
         4          0          0          0          0          0   entry12b.o
         8          4          0          0          0          0   entry2.o
         4          0          0          0          0          0   entry5.o
         0          0          0          0          0          0   entry7b.o
         0          0          0          0          0          0   entry8b.o
         8          4          0          0          0          0   entry9a.o
        30          0          0          0          0          0   handlers.o
        36          8          0          0          0         68   init.o

    ----------------------------------------------------------------------
        92         16          0          0          0         68   Library Totals
         2          0          0          0          0          0   (incl. Padding)

    ----------------------------------------------------------------------

      Code (inc. data)   RO Data    RW Data    ZI Data      Debug   Library Name

        90         16          0          0          0         68   mc_w.l

    ----------------------------------------------------------------------
        92         16          0          0          0         68   Library Totals

    ----------------------------------------------------------------------

==============================================================================


      Code (inc. data)   RO Data    RW Data    ZI Data      Debug   

      2012        238        300         60       1028     250685   Grand Totals
      2012        238        300         60       1028     250685   ELF Image Totals
      2012        238        300         60          0          0   ROM Totals

==============================================================================

    Total RO  Size (Code + RO Data)                 2312 (   2.26kB)
    Total RW  Size (RW Data + ZI Data)              1088 (   1.06kB)
    Total ROM Size (Code + RO Data + RW Data)       2372 (   2.32kB)

==============================================================================

